Weather Data Point[0] = Day:4 Min Temp: 59, Max Temp 59, Temp Diff: -18
