Weather Point[0] = Day:1 Min Temp: 59, Max Temp 59, Temp Diff: -29
Weather Point[1] = Day:2 Min Temp: 59, Max Temp 59, Temp Diff: -20
Weather Point[2] = Day:3 Min Temp: 55, Max Temp 55, Temp Diff: -22
Weather Point[3] = Day:4 Min Temp: 59, Max Temp 59, Temp Diff: -18
Weather Point[4] = Day:5 Min Temp: 66, Max Temp 66, Temp Diff: -24
