Bits[0] = True
Bits[1] = True
Bits[2] = True
Bits[3] = True
Bits[4] = True
Bits[5] = True
Bits[6] = True
Bits[7] = True
Bits[8] = True
Bits[9] = True
Bits[10] = True
Bits[11] = True
Bits[12] = True
Bits[13] = True
Bits[14] = True
Bits[15] = True
Bits[16] = True
Bits[17] = True
Bits[18] = True
Bits[19] = True
Bits[20] = True
Bits[21] = True
Bits[22] = True
Bits[23] = True
Bits[24] = True
Bits[25] = True
Bits[26] = True
Bits[27] = True
Bits[28] = True
Bits[29] = True
Bits[30] = True
Bits[31] = True
