Key A, A:-1684705346
Key A'asia, A'asia:1367389317
Key A's, A's:-719963608
Key AA, AA:1780295581
Key AA's, AA's:718935806
Key AAA, AAA:395669136
Key AAM, AAM:-316791584
Key AB, AB:1780098973
Key AB's, AB's:718608126
Key ABA, ABA:395406992
Key ABC, ABC:751637352
Key ABC's, ABC's:-987100334
