Key Cat, Cat:1623985292
Key Dog, Dog:-1433752948
