Bits[0] = False
Bits[1] = False
Bits[2] = False
Bits[3] = False
Bits[4] = False
Bits[5] = False
Bits[6] = False
Bits[7] = False
Bits[8] = False
Bits[9] = False
Bits[10] = False
Bits[11] = False
Bits[12] = False
Bits[13] = False
Bits[14] = False
Bits[15] = False
Bits[16] = False
Bits[17] = False
Bits[18] = False
Bits[19] = False
Bits[20] = False
Bits[21] = False
Bits[22] = False
Bits[23] = False
Bits[24] = False
Bits[25] = False
Bits[26] = False
Bits[27] = False
Bits[28] = False
Bits[29] = False
Bits[30] = False
Bits[31] = False
Bits[32] = False
Bits[33] = False
Bits[34] = False
Bits[35] = False
Bits[36] = False
Bits[37] = False
Bits[38] = False
Bits[39] = False
Bits[40] = False
Bits[41] = False
Bits[42] = False
Bits[43] = False
Bits[44] = False
Bits[45] = False
Bits[46] = False
Bits[47] = False
Bits[48] = False
Bits[49] = False
Bits[50] = False
Bits[51] = False
Bits[52] = False
Bits[53] = False
Bits[54] = False
