Bits[0] = False
Bits[1] = True
Bits[2] = True
Bits[3] = False
Bits[4] = True
Bits[5] = False
Bits[6] = True
Bits[7] = True
Bits[8] = True
Bits[9] = False
Bits[10] = False
Bits[11] = False
Bits[12] = False
Bits[13] = True
Bits[14] = False
Bits[15] = True
Bits[16] = True
Bits[17] = True
Bits[18] = True
Bits[19] = True
Bits[20] = True
Bits[21] = True
Bits[22] = True
Bits[23] = False
Bits[24] = True
Bits[25] = False
Bits[26] = True
Bits[27] = True
Bits[28] = False
Bits[29] = True
Bits[30] = True
Bits[31] = True
Bits[32] = True
Bits[33] = False
Bits[34] = False
Bits[35] = False
Bits[36] = False
Bits[37] = True
Bits[38] = False
Bits[39] = True
Bits[40] = False
Bits[41] = False
Bits[42] = True
Bits[43] = True
Bits[44] = False
Bits[45] = True
Bits[46] = False
Bits[47] = False
Bits[48] = True
Bits[49] = True
Bits[50] = False
Bits[51] = True
Bits[52] = False
Bits[53] = True
Bits[54] = False
