Merge Arrays
Merge 1
 Bits:11111101111111111010100111011011
 Word:00000001000000000000000000000000
Merge:11111101111111111010100111011011

Merge 2
 Bits:11111101111111111010100111011011
 Word:00000000000100000000000000000000
Merge:11111101111111111010100111011011

Merge 3
 Bits:11111101111111111010100111011011
 Word:01011100000001010110000000000000
Merge:11111101111111111110100111011011

Merge 4
 Bits:11111101111111111110100111011011
 Word:10010010010000100100001000000000
Merge:11111111111111111110101111011011
