Key A, A:-1684705346
Key A'asia, A'asia:1367389317
